

================================================================
== Vitis HLS Report for 'choleskyAlt_false_3_choleskyTraits_x_complex_x_complex_ap_fixed_s'
================================================================
* Date:           Sat Nov  1 13:22:46 2025

* Version:        2024.2 (Build 5238294 on Nov  8 2024)
* Project:        hls
* Solution:       hls (Vivado IP Flow Target)
* Product family: zynq
* Target device:  xc7z020-clg484-1


================================================================
== Performance Estimates
================================================================
+ Timing: 
    * Summary: 
    +--------+---------+----------+------------+
    |  Clock |  Target | Estimated| Uncertainty|
    +--------+---------+----------+------------+
    |ap_clk  |  7.00 ns|  6.281 ns|     0.70 ns|
    +--------+---------+----------+------------+

+ Latency: 
    * Summary: 
    +---------+---------+----------+----------+-----+-----+---------+
    |  Latency (cycles) |  Latency (absolute) |  Interval | Pipeline|
    |   min   |   max   |    min   |    max   | min | max |   Type  |
    +---------+---------+----------+----------+-----+-----+---------+
    |      106|      343|  0.742 us|  2.401 us|  106|  343|       no|
    +---------+---------+----------+----------+-----+-----+---------+

    + Detail: 
        * Instance: 
        +-------------------------------------------------------------------------------------------+--------------------------------------------------------------------------------+---------+---------+-----------+-----------+-----+-----+------------------------------------------------+
        |                                                                                           |                                                                                |  Latency (cycles) |   Latency (absolute)  |  Interval |                    Pipeline                    |
        |                                          Instance                                         |                                     Module                                     |   min   |   max   |    min    |    max    | min | max |                      Type                      |
        +-------------------------------------------------------------------------------------------+--------------------------------------------------------------------------------+---------+---------+-----------+-----------+-----+-----+------------------------------------------------+
        |grp_choleskyAlt_false_3_choleskyTraits_x_complex_x_complex_ap_fixed_Pipeline_sum_s_fu_427  |choleskyAlt_false_3_choleskyTraits_x_complex_x_complex_ap_fixed_Pipeline_sum_s  |        2|        7|  14.000 ns|  49.000 ns|    1|    2|  loop auto-rewind stp (delay=0 clock cycles(s))|
        +-------------------------------------------------------------------------------------------+--------------------------------------------------------------------------------+---------+---------+-----------+-----------+-----+-----+------------------------------------------------+

        * Loop: 
        +-------------+---------+---------+----------+-----------+-----------+-------+----------+
        |             |  Latency (cycles) | Iteration|  Initiation Interval  |  Trip |          |
        |  Loop Name  |   min   |   max   |  Latency |  achieved |   target  | Count | Pipelined|
        +-------------+---------+---------+----------+-----------+-----------+-------+----------+
        |- row_loop   |      105|      342|  35 ~ 114|          -|          -|      3|        no|
        | + col_loop  |        0|       42|   16 ~ 21|          -|          -|  0 ~ 2|        no|
        +-------------+---------+---------+----------+-----------+-----------+-------+----------+



================================================================
== Utilization Estimates
================================================================
* Summary: 
+-----------------+---------+-----+--------+-------+-----+
|       Name      | BRAM_18K| DSP |   FF   |  LUT  | URAM|
+-----------------+---------+-----+--------+-------+-----+
|DSP              |        -|    -|       -|      -|    -|
|Expression       |        -|    -|       0|   3878|    -|
|FIFO             |        -|    -|       -|      -|    -|
|Instance         |        -|   14|    1322|   1216|    -|
|Memory           |        -|    -|       -|      -|    -|
|Multiplexer      |        -|    -|       0|    549|    -|
|Register         |        -|    -|    1974|      -|    -|
+-----------------+---------+-----+--------+-------+-----+
|Total            |        0|   14|    3296|   5643|    0|
+-----------------+---------+-----+--------+-------+-----+
|Available        |      280|  220|  106400|  53200|    0|
+-----------------+---------+-----+--------+-------+-----+
|Utilization (%)  |        0|    6|       3|     10|    0|
+-----------------+---------+-----+--------+-------+-----+

+ Detail: 
    * Instance: 
    +-------------------------------------------------------------------------------------------+--------------------------------------------------------------------------------+---------+----+-----+-----+-----+
    |                                          Instance                                         |                                     Module                                     | BRAM_18K| DSP|  FF | LUT | URAM|
    +-------------------------------------------------------------------------------------------+--------------------------------------------------------------------------------+---------+----+-----+-----+-----+
    |bitselect_1ns_54ns_32s_1_1_1_U34                                                           |bitselect_1ns_54ns_32s_1_1_1                                                    |        0|   0|    0|   17|    0|
    |bitselect_1ns_54ns_32s_1_1_1_U35                                                           |bitselect_1ns_54ns_32s_1_1_1                                                    |        0|   0|    0|   17|    0|
    |grp_choleskyAlt_false_3_choleskyTraits_x_complex_x_complex_ap_fixed_Pipeline_sum_s_fu_427  |choleskyAlt_false_3_choleskyTraits_x_complex_x_complex_ap_fixed_Pipeline_sum_s  |        0|   4|  556|  731|    0|
    |ctlz_17_17_1_1_U33                                                                         |ctlz_17_17_1_1                                                                  |        0|   0|    0|   20|    0|
    |fpext_32ns_64_2_no_dsp_1_U25                                                               |fpext_32ns_64_2_no_dsp_1                                                        |        0|   0|    0|    0|    0|
    |fsqrt_32ns_32ns_32_16_no_dsp_1_U26                                                         |fsqrt_32ns_32ns_32_16_no_dsp_1                                                  |        0|   0|    0|    0|    0|
    |mul_16s_16s_32_1_1_U31                                                                     |mul_16s_16s_32_1_1                                                              |        0|   1|    0|    6|    0|
    |mul_16s_16s_32_1_1_U32                                                                     |mul_16s_16s_32_1_1                                                              |        0|   1|    0|    6|    0|
    |mul_2s_2s_2_1_1_U30                                                                        |mul_2s_2s_2_1_1                                                                 |        0|   0|    0|    8|    0|
    |mul_2s_2s_3_1_1_U29                                                                        |mul_2s_2s_3_1_1                                                                 |        0|   0|    0|    8|    0|
    |mul_34s_33s_67_3_1_U27                                                                     |mul_34s_33s_67_3_1                                                              |        0|   4|  174|   53|    0|
    |mul_34s_33s_67_3_1_U28                                                                     |mul_34s_33s_67_3_1                                                              |        0|   4|  174|   53|    0|
    |sdiv_34ns_17s_34_38_seq_1_U41                                                              |sdiv_34ns_17s_34_38_seq_1                                                       |        0|   0|  418|  252|    0|
    |sparsemux_7_2_1_1_1_U37                                                                    |sparsemux_7_2_1_1_1                                                             |        0|   0|    0|    9|    0|
    |sparsemux_7_2_1_1_1_U38                                                                    |sparsemux_7_2_1_1_1                                                             |        0|   0|    0|    9|    0|
    |sparsemux_7_2_1_1_1_U39                                                                    |sparsemux_7_2_1_1_1                                                             |        0|   0|    0|    9|    0|
    |sparsemux_7_2_34_1_1_U36                                                                   |sparsemux_7_2_34_1_1                                                            |        0|   0|    0|    9|    0|
    |sparsemux_7_2_34_1_1_U40                                                                   |sparsemux_7_2_34_1_1                                                            |        0|   0|    0|    9|    0|
    +-------------------------------------------------------------------------------------------+--------------------------------------------------------------------------------+---------+----+-----+-----+-----+
    |Total                                                                                      |                                                                                |        0|  14| 1322| 1216|    0|
    +-------------------------------------------------------------------------------------------+--------------------------------------------------------------------------------+---------+----+-----+-----+-----+

    * DSP: 
    N/A

    * Memory: 
    N/A

    * FIFO: 
    N/A

    * Expression: 
    +---------------------------------+----------+----+---+-----+------------+------------+
    |          Variable Name          | Operation| DSP| FF| LUT | Bitwidth P0| Bitwidth P1|
    +---------------------------------+----------+----+---+-----+------------+------------+
    |add_ln189_fu_2134_p2             |         +|   0|  0|   40|          33|          33|
    |add_ln222_1_fu_2497_p2           |         +|   0|  0|   15|           8|           8|
    |add_ln222_fu_2440_p2             |         +|   0|  0|   13|           5|           4|
    |add_ln223_1_fu_2610_p2           |         +|   0|  0|   12|          12|           7|
    |add_ln223_2_fu_2644_p2           |         +|   0|  0|   12|          12|           7|
    |add_ln223_3_fu_2662_p2           |         +|   0|  0|   12|          12|           7|
    |add_ln223_4_fu_2910_p2           |         +|   0|  0|   41|          34|          34|
    |add_ln223_5_fu_2830_p2           |         +|   0|  0|   12|          12|          12|
    |add_ln223_6_fu_2684_p2           |         +|   0|  0|   12|          12|           2|
    |add_ln223_7_fu_2846_p2           |         +|   0|  0|   12|          12|           2|
    |add_ln223_fu_2728_p2             |         +|   0|  0|   12|          12|          11|
    |add_ln326_fu_969_p2              |         +|   0|  0|   41|          34|          34|
    |add_ln327_fu_1128_p2             |         +|   0|  0|   41|          34|          34|
    |add_ln465_1_fu_615_p2            |         +|   0|  0|   11|           3|           3|
    |add_ln465_2_fu_610_p2            |         +|   0|  0|   10|           2|           2|
    |add_ln465_fu_514_p2              |         +|   0|  0|   11|           3|           3|
    |add_ln472_fu_708_p2              |         +|   0|  0|   10|           2|           2|
    |add_ln477_fu_664_p2              |         +|   0|  0|    4|           3|           3|
    |add_ln495_fu_734_p2              |         +|   0|  0|   13|           4|           4|
    |add_ln501_fu_677_p2              |         +|   0|  0|   11|           3|           3|
    |add_ln59_1_fu_1336_p2            |         +|   0|  0|   23|          16|          16|
    |add_ln59_2_fu_1418_p2            |         +|   0|  0|   23|          16|          16|
    |add_ln59_3_fu_3376_p2            |         +|   0|  0|   23|          16|          16|
    |add_ln59_fu_2350_p2              |         +|   0|  0|   24|          17|          17|
    |i_2_fu_482_p2                    |         +|   0|  0|   10|           2|           1|
    |i_sub1_fu_488_p2                 |         +|   0|  0|   10|           2|           2|
    |j_1_fu_636_p2                    |         +|   0|  0|   10|           2|           1|
    |j_sub1_fu_686_p2                 |         +|   0|  0|   10|           2|           2|
    |tmp1_1_fu_1845_p2                |         +|   0|  0|   23|          16|          16|
    |tmp2_fu_1787_p2                  |         +|   0|  0|   23|          16|          16|
    |sub_ln103_fu_2058_p2             |         -|   0|  0|   24|          17|          17|
    |sub_ln222_1_fu_2488_p2           |         -|   0|  0|   13|           2|           5|
    |sub_ln222_fu_2417_p2             |         -|   0|  0|   24|           1|          17|
    |sub_ln223_1_fu_2575_p2           |         -|   0|  0|   61|           1|          54|
    |sub_ln223_2_fu_2594_p2           |         -|   0|  0|   12|          11|          12|
    |sub_ln223_3_fu_2620_p2           |         -|   0|  0|   12|           6|          11|
    |sub_ln223_4_fu_2678_p2           |         -|   0|  0|   14|           5|           6|
    |sub_ln223_fu_2234_p2             |         -|   0|  0|   40|          33|          33|
    |sub_ln345_1_fu_1622_p2           |         -|   0|  0|   24|           1|          17|
    |sub_ln345_fu_743_p2              |         -|   0|  0|   23|           1|          16|
    |sub_ln465_1_fu_532_p2            |         -|   0|  0|   13|           1|           4|
    |sub_ln465_2_fu_595_p2            |         -|   0|  0|   10|           1|           2|
    |sub_ln465_fu_504_p2              |         -|   0|  0|   10|           1|           2|
    |sub_ln477_fu_658_p2              |         -|   0|  0|    4|           3|           3|
    |sub_ln506_fu_582_p2              |         -|   0|  0|   11|           3|           3|
    |pi_assign_fu_2510_p5             |      1003|   0|  0|    2|          64|           9|
    |Range1_all_ones_2_i_fu_3088_p2   |       and|   0|  0|    2|           1|           1|
    |Range1_all_zeros_2_i_fu_3106_p2  |       and|   0|  0|    2|           1|           1|
    |and_ln100_1_fu_1935_p2           |       and|   0|  0|    2|           1|           1|
    |and_ln100_2_fu_1980_p2           |       and|   0|  0|    2|           1|           1|
    |and_ln100_3_fu_1986_p2           |       and|   0|  0|    2|           1|           1|
    |and_ln100_4_fu_1997_p2           |       and|   0|  0|    2|           1|           1|
    |and_ln100_fu_1777_p2             |       and|   0|  0|    2|           1|           1|
    |and_ln103_fu_2086_p2             |       and|   0|  0|    2|           1|           1|
    |and_ln189_fu_2166_p2             |       and|   0|  0|    2|           1|           1|
    |and_ln223_10_fu_3231_p2          |       and|   0|  0|    2|           1|           1|
    |and_ln223_11_fu_3242_p2          |       and|   0|  0|    2|           1|           1|
    |and_ln223_12_fu_2964_p2          |       and|   0|  0|    2|           1|           1|
    |and_ln223_13_fu_3075_p2          |       and|   0|  0|    2|           1|           1|
    |and_ln223_14_fu_3172_p2          |       and|   0|  0|    2|           1|           1|
    |and_ln223_15_fu_3210_p2          |       and|   0|  0|    2|           1|           1|
    |and_ln223_16_fu_3264_p2          |       and|   0|  0|    2|           1|           1|
    |and_ln223_17_fu_3270_p2          |       and|   0|  0|    2|           1|           1|
    |and_ln223_18_fu_2812_p2          |       and|   0|  0|   54|          54|          54|
    |and_ln223_1_fu_2900_p2           |       and|   0|  0|    2|           1|           1|
    |and_ln223_2_fu_2934_p2           |       and|   0|  0|    2|           1|           1|
    |and_ln223_4_fu_3043_p2           |       and|   0|  0|    2|           1|           1|
    |and_ln223_7_fu_3138_p2           |       and|   0|  0|    2|           1|           1|
    |and_ln223_8_fu_3150_p2           |       and|   0|  0|    2|           1|           1|
    |and_ln223_9_fu_3225_p2           |       and|   0|  0|    2|           1|           1|
    |and_ln223_fu_2266_p2             |       and|   0|  0|    2|           1|           1|
    |and_ln313_fu_3538_p2             |       and|   0|  0|    2|           1|           1|
    |and_ln326_1_fu_989_p2            |       and|   0|  0|    2|           1|           1|
    |and_ln326_2_fu_1014_p2           |       and|   0|  0|    2|           1|           1|
    |and_ln326_3_fu_1026_p2           |       and|   0|  0|    2|           1|           1|
    |and_ln326_4_fu_1048_p2           |       and|   0|  0|    2|           1|           1|
    |and_ln326_5_fu_1054_p2           |       and|   0|  0|    2|           1|           1|
    |and_ln326_6_fu_1072_p2           |       and|   0|  0|    2|           1|           1|
    |and_ln326_fu_959_p2              |       and|   0|  0|    2|           1|           1|
    |and_ln327_1_fu_1148_p2           |       and|   0|  0|    2|           1|           1|
    |and_ln327_2_fu_1173_p2           |       and|   0|  0|    2|           1|           1|
    |and_ln327_3_fu_1185_p2           |       and|   0|  0|    2|           1|           1|
    |and_ln327_4_fu_1207_p2           |       and|   0|  0|    2|           1|           1|
    |and_ln327_5_fu_1213_p2           |       and|   0|  0|    2|           1|           1|
    |and_ln327_6_fu_1231_p2           |       and|   0|  0|    2|           1|           1|
    |and_ln327_fu_1118_p2             |       and|   0|  0|    2|           1|           1|
    |and_ln345_fu_1654_p2             |       and|   0|  0|    2|           1|           1|
    |and_ln59_10_fu_1530_p2           |       and|   0|  0|    2|           1|           1|
    |and_ln59_11_fu_3395_p2           |       and|   0|  0|    2|           1|           1|
    |and_ln59_12_fu_1575_p2           |       and|   0|  0|    2|           1|           1|
    |and_ln59_13_fu_1581_p2           |       and|   0|  0|    2|           1|           1|
    |and_ln59_14_fu_1592_p2           |       and|   0|  0|    2|           1|           1|
    |and_ln59_15_fu_3440_p2           |       and|   0|  0|    2|           1|           1|
    |and_ln59_16_fu_3446_p2           |       and|   0|  0|    2|           1|           1|
    |and_ln59_17_fu_3457_p2           |       and|   0|  0|    2|           1|           1|
    |and_ln59_1_fu_2364_p2            |       and|   0|  0|    2|           1|           1|
    |and_ln59_2_fu_2374_p2            |       and|   0|  0|    2|           1|           1|
    |and_ln59_3_fu_1326_p2            |       and|   0|  0|    2|           1|           1|
    |and_ln59_4_fu_1437_p2            |       and|   0|  0|    2|           1|           1|
    |and_ln59_5_fu_3366_p2            |       and|   0|  0|    2|           1|           1|
    |and_ln59_6_fu_1482_p2            |       and|   0|  0|    2|           1|           1|
    |and_ln59_7_fu_1488_p2            |       and|   0|  0|    2|           1|           1|
    |and_ln59_8_fu_1499_p2            |       and|   0|  0|    2|           1|           1|
    |and_ln59_9_fu_1408_p2            |       and|   0|  0|    2|           1|           1|
    |and_ln59_fu_2340_p2              |       and|   0|  0|    2|           1|           1|
    |and_ln99_1_fu_1865_p2            |       and|   0|  0|    2|           1|           1|
    |and_ln99_2_fu_1912_p2            |       and|   0|  0|    2|           1|           1|
    |and_ln99_3_fu_1918_p2            |       and|   0|  0|    2|           1|           1|
    |and_ln99_4_fu_2028_p2            |       and|   0|  0|    2|           1|           1|
    |and_ln99_fu_1835_p2              |       and|   0|  0|    2|           1|           1|
    |carry_1_i_fu_2970_p2             |       and|   0|  0|    2|           1|           1|
    |cond86_i_fu_2880_p2              |       and|   0|  0|    2|           1|           1|
    |lD_0_i_fu_2722_p2                |       and|   0|  0|    2|           1|           1|
    |neg_src_0_i_fu_3184_p2           |       and|   0|  0|    2|           1|           1|
    |ashr_ln223_fu_2753_p2            |      ashr|   0|  0|  161|          54|          54|
    |icmp_ln100_fu_1759_p2            |      icmp|   0|  0|   17|          14|           1|
    |icmp_ln222_fu_2412_p2            |      icmp|   0|  0|   24|          17|           1|
    |icmp_ln223_10_fu_2694_p2         |      icmp|   0|  0|   12|          12|           6|
    |icmp_ln223_11_fu_2708_p2         |      icmp|   0|  0|   12|          12|           6|
    |icmp_ln223_12_fu_2994_p2         |      icmp|   0|  0|   12|          12|           6|
    |icmp_ln223_13_fu_2999_p2         |      icmp|   0|  0|   12|          12|           6|
    |icmp_ln223_14_fu_3004_p2         |      icmp|   0|  0|   61|          54|          54|
    |icmp_ln223_15_fu_3029_p2         |      icmp|   0|  0|   61|          54|           1|
    |icmp_ln223_16_fu_3034_p2         |      icmp|   0|  0|   12|          12|           6|
    |icmp_ln223_17_fu_2870_p2         |      icmp|   0|  0|   61|          54|           1|
    |icmp_ln223_1_fu_2604_p2          |      icmp|   0|  0|   12|          12|           6|
    |icmp_ln223_2_fu_2733_p2          |      icmp|   0|  0|   12|          12|           6|
    |icmp_ln223_3_fu_2738_p2          |      icmp|   0|  0|   12|          11|           6|
    |icmp_ln223_4_fu_2638_p2          |      icmp|   0|  0|   12|          12|           6|
    |icmp_ln223_5_fu_2770_p2          |      icmp|   0|  0|   12|          11|           6|
    |icmp_ln223_6_fu_2791_p2          |      icmp|   0|  0|   12|          12|           6|
    |icmp_ln223_7_fu_2668_p2          |      icmp|   0|  0|   12|          12|           6|
    |icmp_ln223_8_fu_2817_p2          |      icmp|   0|  0|   61|          54|           1|
    |icmp_ln223_9_fu_2976_p2          |      icmp|   0|  0|   12|          11|           1|
    |icmp_ln223_fu_2581_p2            |      icmp|   0|  0|   70|          63|           1|
    |icmp_ln310_fu_3497_p2            |      icmp|   0|  0|   23|          16|           1|
    |icmp_ln326_1_fu_889_p2           |      icmp|   0|  0|   23|          16|           2|
    |icmp_ln326_2_fu_894_p2           |      icmp|   0|  0|   24|          17|           2|
    |icmp_ln326_3_fu_899_p2           |      icmp|   0|  0|   24|          17|           1|
    |icmp_ln326_fu_884_p2             |      icmp|   0|  0|   20|          15|           1|
    |icmp_ln327_1_fu_909_p2           |      icmp|   0|  0|   23|          16|           2|
    |icmp_ln327_2_fu_914_p2           |      icmp|   0|  0|   24|          17|           2|
    |icmp_ln327_3_fu_919_p2           |      icmp|   0|  0|   24|          17|           1|
    |icmp_ln327_fu_904_p2             |      icmp|   0|  0|   20|          15|           1|
    |icmp_ln463_fu_476_p2             |      icmp|   0|  0|   10|           2|           2|
    |icmp_ln469_fu_631_p2             |      icmp|   0|  0|   10|           2|           2|
    |icmp_ln490_fu_722_p2             |      icmp|   0|  0|   10|           2|           1|
    |icmp_ln59_1_fu_1298_p2           |      icmp|   0|  0|   23|          16|           1|
    |icmp_ln59_2_fu_1380_p2           |      icmp|   0|  0|   23|          16|           1|
    |icmp_ln59_3_fu_3338_p2           |      icmp|   0|  0|   23|          16|           1|
    |icmp_ln59_fu_2322_p2             |      icmp|   0|  0|   17|          14|           1|
    |icmp_ln99_fu_1817_p2             |      icmp|   0|  0|   17|          14|           1|
    |lshr_ln223_1_fu_2864_p2          |      lshr|   0|  0|  161|           2|          54|
    |lshr_ln223_2_fu_2806_p2          |      lshr|   0|  0|  161|           2|          54|
    |lshr_ln223_fu_2859_p2            |      lshr|   0|  0|  161|          54|          54|
    |Range1_all_zeros_2_i_fu_3106_p6  |        or|   0|  0|    2|           1|           1|
    |deleted_ones_0_i_fu_3166_p2      |        or|   0|  0|    2|           1|           1|
    |or_ln100_1_fu_1964_p2            |        or|   0|  0|    2|           1|           1|
    |or_ln100_2_fu_1975_p2            |        or|   0|  0|    2|           1|           1|
    |or_ln100_3_fu_2010_p2            |        or|   0|  0|    2|           1|           1|
    |or_ln100_fu_1771_p2              |        or|   0|  0|    2|           1|           1|
    |or_ln223_2_fu_3133_p2            |        or|   0|  0|    2|           1|           1|
    |or_ln223_3_fu_3215_p2            |        or|   0|  0|    2|           1|           1|
    |or_ln223_4_fu_3248_p2            |        or|   0|  0|    2|           1|           1|
    |or_ln223_5_fu_3254_p2            |        or|   0|  0|    2|           1|           1|
    |or_ln223_6_fu_3070_p2            |        or|   0|  0|    2|           1|           1|
    |or_ln223_fu_2894_p2              |        or|   0|  0|    2|           1|           1|
    |or_ln326_1_fu_1037_p2            |        or|   0|  0|    2|           1|           1|
    |or_ln326_2_fu_1077_p2            |        or|   0|  0|    2|           1|           1|
    |or_ln326_3_fu_1060_p2            |        or|   0|  0|    2|           1|           1|
    |or_ln326_fu_954_p2               |        or|   0|  0|    2|           1|           1|
    |or_ln327_1_fu_1196_p2            |        or|   0|  0|    2|           1|           1|
    |or_ln327_2_fu_1236_p2            |        or|   0|  0|    2|           1|           1|
    |or_ln327_3_fu_1219_p2            |        or|   0|  0|    2|           1|           1|
    |or_ln327_fu_1113_p2              |        or|   0|  0|    2|           1|           1|
    |or_ln59_10_fu_3424_p2            |        or|   0|  0|    2|           1|           1|
    |or_ln59_11_fu_3435_p2            |        or|   0|  0|    2|           1|           1|
    |or_ln59_12_fu_3470_p2            |        or|   0|  0|    2|           1|           1|
    |or_ln59_1_fu_1320_p2             |        or|   0|  0|    2|           1|           1|
    |or_ln59_2_fu_1466_p2             |        or|   0|  0|    2|           1|           1|
    |or_ln59_3_fu_1477_p2             |        or|   0|  0|    2|           1|           1|
    |or_ln59_4_fu_1512_p2             |        or|   0|  0|    2|           1|           1|
    |or_ln59_5_fu_1402_p2             |        or|   0|  0|    2|           1|           1|
    |or_ln59_6_fu_1559_p2             |        or|   0|  0|    2|           1|           1|
    |or_ln59_7_fu_1570_p2             |        or|   0|  0|    2|           1|           1|
    |or_ln59_8_fu_1605_p2             |        or|   0|  0|    2|           1|           1|
    |or_ln59_9_fu_3360_p2             |        or|   0|  0|    2|           1|           1|
    |or_ln59_fu_2334_p2               |        or|   0|  0|    2|           1|           1|
    |or_ln99_1_fu_1894_p2             |        or|   0|  0|    2|           1|           1|
    |or_ln99_2_fu_1906_p2             |        or|   0|  0|    2|           1|           1|
    |or_ln99_3_fu_2039_p2             |        or|   0|  0|    2|           1|           1|
    |or_ln99_fu_1829_p2               |        or|   0|  0|    2|           1|           1|
    |B_fu_728_p3                      |    select|   0|  0|   33|           1|          33|
    |Range2_all_ones_1_i_fu_3021_p3   |    select|   0|  0|    2|           1|           1|
    |af_fu_2529_p3                    |    select|   0|  0|   32|           1|           1|
    |cond192_i_fu_3143_p3             |    select|   0|  0|    2|           1|           1|
    |cond64_i_fu_2875_p3              |    select|   0|  0|    2|           1|           1|
    |new_L_diag_re_s_fu_3290_p4       |    select|   0|  0|   35|           1|          33|
    |new_L_off_diag_im_fu_1262_p3     |    select|   0|  0|   34|           1|          34|
    |return_code_1_fu_3483_p3         |    select|   0|  0|   32|           1|           1|
    |select_ln100_1_fu_1952_p3        |    select|   0|  0|    2|           1|           1|
    |select_ln100_2_fu_2002_p3        |    select|   0|  0|   17|           1|          15|
    |select_ln100_fu_1945_p3          |    select|   0|  0|    2|           1|           1|
    |select_ln103_1_fu_2114_p3        |    select|   0|  0|   16|           1|          16|
    |select_ln103_fu_2102_p3          |    select|   0|  0|   17|           1|          15|
    |select_ln189_fu_2178_p3          |    select|   0|  0|   33|           1|          31|
    |select_ln222_1_fu_2480_p3        |    select|   0|  0|    7|           1|           7|
    |select_ln222_fu_2422_p3          |    select|   0|  0|   17|           1|          17|
    |select_ln223_10_fu_2823_p3       |    select|   0|  0|    2|           1|           2|
    |select_ln223_2_fu_2589_p3        |    select|   0|  0|   54|           1|          54|
    |select_ln223_3_fu_2626_p3        |    select|   0|  0|   11|           1|          11|
    |select_ln223_4_fu_2762_p3        |    select|   0|  0|   34|           1|          34|
    |select_ln223_5_fu_2783_p3        |    select|   0|  0|   34|           1|          34|
    |select_ln223_6_fu_2743_p3        |    select|   0|  0|    2|           1|           2|
    |select_ln223_7_fu_3126_p3        |    select|   0|  0|    2|           1|           1|
    |select_ln223_9_fu_2796_p3        |    select|   0|  0|    6|           1|           1|
    |select_ln223_fu_2278_p3          |    select|   0|  0|   33|           1|          31|
    |select_ln313_1_fu_3558_p3        |    select|   0|  0|   33|           1|          33|
    |select_ln313_fu_3544_p3          |    select|   0|  0|   34|           1|          32|
    |select_ln326_1_fu_1019_p3        |    select|   0|  0|    2|           1|           1|
    |select_ln326_2_fu_1242_p3        |    select|   0|  0|   35|           1|          33|
    |select_ln326_fu_1002_p3          |    select|   0|  0|    2|           1|           1|
    |select_ln327_1_fu_1178_p3        |    select|   0|  0|    2|           1|           1|
    |select_ln327_2_fu_1255_p3        |    select|   0|  0|   35|           1|          33|
    |select_ln327_fu_1161_p3          |    select|   0|  0|    2|           1|           1|
    |select_ln345_fu_1666_p3          |    select|   0|  0|   17|           1|          15|
    |select_ln465_fu_600_p3           |    select|   0|  0|    2|           1|           2|
    |select_ln59_10_fu_3412_p3        |    select|   0|  0|    2|           1|           1|
    |select_ln59_11_fu_3462_p3        |    select|   0|  0|   17|           1|          15|
    |select_ln59_1_fu_2388_p3         |    select|   0|  0|   17|           1|          16|
    |select_ln59_3_fu_1447_p3         |    select|   0|  0|    2|           1|           1|
    |select_ln59_4_fu_1454_p3         |    select|   0|  0|    2|           1|           1|
    |select_ln59_5_fu_1504_p3         |    select|   0|  0|   17|           1|          15|
    |select_ln59_6_fu_3405_p3         |    select|   0|  0|    2|           1|           1|
    |select_ln59_7_fu_1540_p3         |    select|   0|  0|    2|           1|           1|
    |select_ln59_8_fu_1547_p3         |    select|   0|  0|    2|           1|           1|
    |select_ln59_9_fu_1597_p3         |    select|   0|  0|   17|           1|          15|
    |select_ln59_fu_2380_p3           |    select|   0|  0|    2|           1|           1|
    |select_ln99_1_fu_1882_p3         |    select|   0|  0|    2|           1|           1|
    |select_ln99_2_fu_2032_p3         |    select|   0|  0|   17|           1|          15|
    |select_ln99_fu_1875_p3           |    select|   0|  0|    2|           1|           1|
    |tmp1_2_fu_2044_p3                |    select|   0|  0|   16|           1|          16|
    |tmp2_3_fu_2016_p3                |    select|   0|  0|   16|           1|          16|
    |tmp2_im_6_fu_1611_p3             |    select|   0|  0|   16|           1|          16|
    |tmp2_re_20_fu_1518_p3            |    select|   0|  0|   16|           1|          16|
    |tmp2_re_21_fu_2186_p3            |    select|   0|  0|   32|           1|          32|
    |tmp2_re_22_fu_2286_p3            |    select|   0|  0|   32|           1|          32|
    |tmp2_re_23_fu_2396_p3            |    select|   0|  0|   17|           1|          17|
    |tmp2_re_24_fu_3476_p3            |    select|   0|  0|   16|           1|          16|
    |tmp_im_fu_1674_p3                |    select|   0|  0|   16|           1|          16|
    |tmp_re_12_fu_1249_p3             |    select|   0|  0|   34|           1|          34|
    |shl_ln222_fu_2452_p2             |       shl|   0|  0|  137|          42|          42|
    |shl_ln223_fu_2778_p2             |       shl|   0|  0|  108|          34|          34|
    |neg_src_0_i_fu_3184_p4           |       xor|   0|  0|    2|           2|           1|
    |not_icmp_ln223_10136_fu_3161_p2  |       xor|   0|  0|    2|           1|           2|
    |xor_ln100_1_fu_1940_p2           |       xor|   0|  0|    2|           1|           2|
    |xor_ln100_2_fu_1959_p2           |       xor|   0|  0|    2|           1|           2|
    |xor_ln100_3_fu_1969_p2           |       xor|   0|  0|    2|           1|           2|
    |xor_ln100_4_fu_1991_p2           |       xor|   0|  0|    2|           1|           1|
    |xor_ln100_fu_1930_p2             |       xor|   0|  0|    2|           1|           2|
    |xor_ln103_1_fu_2092_p2           |       xor|   0|  0|    2|           1|           1|
    |xor_ln103_fu_2080_p2             |       xor|   0|  0|    2|           1|           2|
    |xor_ln189_1_fu_2172_p2           |       xor|   0|  0|    2|           1|           1|
    |xor_ln189_fu_2160_p2             |       xor|   0|  0|    2|           1|           2|
    |xor_ln223_10_fu_3258_p2          |       xor|   0|  0|    2|           1|           2|
    |xor_ln223_11_fu_2989_p2          |       xor|   0|  0|    2|           1|           2|
    |xor_ln223_12_fu_3015_p2          |       xor|   0|  0|    2|           1|           2|
    |xor_ln223_13_fu_3065_p2          |       xor|   0|  0|    2|           1|           2|
    |xor_ln223_1_fu_2272_p2           |       xor|   0|  0|    2|           1|           1|
    |xor_ln223_2_fu_2923_p2           |       xor|   0|  0|    2|           1|           2|
    |xor_ln223_3_fu_3051_p2           |       xor|   0|  0|    2|           1|           2|
    |xor_ln223_4_fu_2929_p2           |       xor|   0|  0|    2|           1|           2|
    |xor_ln223_7_fu_3204_p2           |       xor|   0|  0|    2|           1|           2|
    |xor_ln223_8_fu_3220_p2           |       xor|   0|  0|    2|           1|           2|
    |xor_ln223_9_fu_3236_p2           |       xor|   0|  0|    2|           2|           1|
    |xor_ln223_fu_2260_p2             |       xor|   0|  0|    2|           1|           2|
    |xor_ln313_1_fu_3552_p2           |       xor|   0|  0|    2|           1|           1|
    |xor_ln313_fu_3532_p2             |       xor|   0|  0|    2|           1|           2|
    |xor_ln326_1_fu_1008_p2           |       xor|   0|  0|    2|           1|           2|
    |xor_ln326_2_fu_1031_p2           |       xor|   0|  0|    2|           1|           2|
    |xor_ln326_3_fu_1043_p2           |       xor|   0|  0|    2|           1|           2|
    |xor_ln326_4_fu_1066_p2           |       xor|   0|  0|    2|           1|           2|
    |xor_ln326_fu_983_p2              |       xor|   0|  0|    2|           1|           2|
    |xor_ln327_1_fu_1167_p2           |       xor|   0|  0|    2|           1|           2|
    |xor_ln327_2_fu_1190_p2           |       xor|   0|  0|    2|           1|           2|
    |xor_ln327_3_fu_1202_p2           |       xor|   0|  0|    2|           1|           2|
    |xor_ln327_4_fu_1225_p2           |       xor|   0|  0|    2|           1|           2|
    |xor_ln327_fu_1142_p2             |       xor|   0|  0|    2|           1|           2|
    |xor_ln345_1_fu_1660_p2           |       xor|   0|  0|    2|           1|           1|
    |xor_ln345_fu_1648_p2             |       xor|   0|  0|    2|           1|           2|
    |xor_ln472_fu_698_p2              |       xor|   0|  0|    2|           1|           2|
    |xor_ln59_10_fu_3400_p2           |       xor|   0|  0|    2|           1|           2|
    |xor_ln59_11_fu_3419_p2           |       xor|   0|  0|    2|           1|           2|
    |xor_ln59_12_fu_3429_p2           |       xor|   0|  0|    2|           1|           2|
    |xor_ln59_13_fu_3451_p2           |       xor|   0|  0|    2|           1|           1|
    |xor_ln59_14_fu_1493_p2           |       xor|   0|  0|    2|           1|           1|
    |xor_ln59_15_fu_1586_p2           |       xor|   0|  0|    2|           1|           1|
    |xor_ln59_1_fu_1432_p2            |       xor|   0|  0|    2|           1|           2|
    |xor_ln59_2_fu_1442_p2            |       xor|   0|  0|    2|           1|           2|
    |xor_ln59_3_fu_1461_p2            |       xor|   0|  0|    2|           1|           2|
    |xor_ln59_4_fu_1471_p2            |       xor|   0|  0|    2|           1|           2|
    |xor_ln59_5_fu_3390_p2            |       xor|   0|  0|    2|           1|           2|
    |xor_ln59_6_fu_1525_p2            |       xor|   0|  0|    2|           1|           2|
    |xor_ln59_7_fu_1535_p2            |       xor|   0|  0|    2|           1|           2|
    |xor_ln59_8_fu_1554_p2            |       xor|   0|  0|    2|           1|           2|
    |xor_ln59_9_fu_1564_p2            |       xor|   0|  0|    2|           1|           2|
    |xor_ln59_fu_2369_p2              |       xor|   0|  0|    2|           1|           2|
    |xor_ln99_1_fu_1870_p2            |       xor|   0|  0|    2|           1|           2|
    |xor_ln99_2_fu_1889_p2            |       xor|   0|  0|    2|           1|           2|
    |xor_ln99_3_fu_1900_p2            |       xor|   0|  0|    2|           1|           2|
    |xor_ln99_4_fu_1924_p2            |       xor|   0|  0|    2|           1|           1|
    |xor_ln99_fu_1859_p2              |       xor|   0|  0|    2|           1|           2|
    +---------------------------------+----------+----+---+-----+------------+------------+
    |Total                            |          |   0|  0| 3878|        1665|        2067|
    +---------------------------------+----------+----+---+-----+------------+------------+

    * Multiplexer: 
    +-------------------------------------------+-----+-----------+-----+-----------+
    |                    Name                   | LUT | Input Size| Bits| Total Bits|
    +-------------------------------------------+-----+-----------+-----+-----------+
    |A_re_address0_local                        |   14|          3|    4|         12|
    |L_im_address0_local                        |   14|          3|    4|         12|
    |L_re_address0_local                        |   14|          3|    4|         12|
    |L_re_d0_local                              |   14|          3|   16|         48|
    |ap_NS_fsm                                  |  439|         87|    1|         87|
    |ap_phi_mux_new_L_diag_recip_phi_fu_420_p4  |    9|          2|   33|         66|
    |i_fu_252                                   |    9|          2|    2|          4|
    |j_reg_405                                  |    9|          2|    2|          4|
    |new_L_diag_recip_reg_416                   |    9|          2|   33|         66|
    |return_code_fu_248                         |    9|          2|   32|         64|
    |square_sum_re_1_reg_393                    |    9|          2|   32|         64|
    +-------------------------------------------+-----+-----------+-----+-----------+
    |Total                                      |  549|        111|  163|        439|
    +-------------------------------------------+-----+-----------+-----+-----------+

    * Register: 
    +--------------------------------------------------------------------------------------------------------+----+----+-----+-----------+
    |                                                  Name                                                  | FF | LUT| Bits| Const Bits|
    +--------------------------------------------------------------------------------------------------------+----+----+-----+-----------+
    |B_reg_3769                                                                                              |  33|   0|   33|          0|
    |LD_reg_4179                                                                                             |  32|   0|   32|          0|
    |L_internal_im_1_fu_280                                                                                  |  16|   0|   16|          0|
    |L_internal_im_2_fu_284                                                                                  |  16|   0|   16|          0|
    |L_internal_im_fu_276                                                                                    |  16|   0|   16|          0|
    |L_internal_re_1_fu_268                                                                                  |  16|   0|   16|          0|
    |L_internal_re_2_fu_272                                                                                  |  16|   0|   16|          0|
    |L_internal_re_fu_264                                                                                    |  16|   0|   16|          0|
    |Range2_all_ones_1_i_reg_4409                                                                            |   1|   0|    1|          0|
    |add_ln222_reg_4174                                                                                      |   5|   0|    5|          0|
    |add_ln223_7_reg_4348                                                                                    |  12|   0|   12|          0|
    |add_ln326_reg_3928                                                                                      |  34|   0|   34|          0|
    |add_ln327_reg_3943                                                                                      |  34|   0|   34|          0|
    |add_ln465_2_reg_3710                                                                                    |   2|   0|    2|          0|
    |add_ln501_reg_3754                                                                                      |   3|   0|    3|          0|
    |add_ln59_1_reg_3972                                                                                     |  16|   0|   16|          0|
    |add_ln59_2_reg_3999                                                                                     |  16|   0|   16|          0|
    |add_ln59_3_reg_4449                                                                                     |  16|   0|   16|          0|
    |af_reg_4184                                                                                             |  32|   0|   32|          0|
    |and_ln223_9_reg_4425                                                                                    |   1|   0|    1|          0|
    |and_ln326_4_reg_3933                                                                                    |   1|   0|    1|          0|
    |and_ln327_4_reg_3948                                                                                    |   1|   0|    1|          0|
    |and_ln99_2_reg_4105                                                                                     |   1|   0|    1|          0|
    |ap_CS_fsm                                                                                               |  86|   0|   86|          0|
    |carry_1_i_reg_4377                                                                                      |   1|   0|    1|          0|
    |diag_internal_1_fu_292                                                                                  |  33|   0|   33|          0|
    |diag_internal_1_load_load_fu_628_p1                                                                     |  33|   0|   33|          0|
    |diag_internal_fu_288                                                                                    |  33|   0|   33|          0|
    |diag_internal_load_load_fu_625_p1                                                                       |  33|   0|   33|          0|
    |grp_choleskyAlt_false_3_choleskyTraits_x_complex_x_complex_ap_fixed_Pipeline_sum_s_fu_427_ap_start_reg  |   1|   0|    1|          0|
    |i_1_reg_3658                                                                                            |   2|   0|    2|          0|
    |i_2_reg_3665                                                                                            |   2|   0|    2|          0|
    |i_fu_252                                                                                                |   2|   0|    2|          0|
    |icmp_ln222_reg_4159                                                                                     |   1|   0|    1|          0|
    |icmp_ln223_10_reg_4294                                                                                  |   1|   0|    1|          0|
    |icmp_ln223_12_reg_4403                                                                                  |   1|   0|    1|          0|
    |icmp_ln223_15_reg_4415                                                                                  |   1|   0|    1|          0|
    |icmp_ln223_16_reg_4420                                                                                  |   1|   0|    1|          0|
    |icmp_ln223_17_reg_4367                                                                                  |   1|   0|    1|          0|
    |icmp_ln223_1_reg_4254                                                                                   |   1|   0|    1|          0|
    |icmp_ln223_2_reg_4315                                                                                   |   1|   0|    1|          0|
    |icmp_ln223_4_reg_4274                                                                                   |   1|   0|    1|          0|
    |icmp_ln223_6_reg_4333                                                                                   |   1|   0|    1|          0|
    |icmp_ln223_7_reg_4284                                                                                   |   1|   0|    1|          0|
    |icmp_ln223_8_reg_4338                                                                                   |   1|   0|    1|          0|
    |icmp_ln223_9_reg_4384                                                                                   |   1|   0|    1|          0|
    |icmp_ln223_reg_4229                                                                                     |   1|   0|    1|          0|
    |icmp_ln310_reg_4474                                                                                     |   1|   0|    1|          0|
    |icmp_ln326_1_reg_3889                                                                                   |   1|   0|    1|          0|
    |icmp_ln326_2_reg_3894                                                                                   |   1|   0|    1|          0|
    |icmp_ln326_3_reg_3901                                                                                   |   1|   0|    1|          0|
    |icmp_ln326_reg_3884                                                                                     |   1|   0|    1|          0|
    |icmp_ln327_1_reg_3911                                                                                   |   1|   0|    1|          0|
    |icmp_ln327_2_reg_3916                                                                                   |   1|   0|    1|          0|
    |icmp_ln327_3_reg_3923                                                                                   |   1|   0|    1|          0|
    |icmp_ln327_reg_3906                                                                                     |   1|   0|    1|          0|
    |j_1_reg_3729                                                                                            |   2|   0|    2|          0|
    |j_reg_405                                                                                               |   2|   0|    2|          0|
    |lD_0_i_reg_4308                                                                                         |   1|   0|    1|          0|
    |lshr_ln223_1_reg_4362                                                                                   |  54|   0|   54|          0|
    |lshr_ln223_reg_4356                                                                                     |  54|   0|   54|          0|
    |lshr_ln465_1_cast_reg_3675                                                                              |   2|   0|    2|          0|
    |mul_ln100_reg_4035                                                                                      |  32|   0|   32|          0|
    |mul_ln326_reg_3822                                                                                      |  67|   0|   67|          0|
    |mul_ln327_reg_3853                                                                                      |  67|   0|   67|          0|
    |mul_ln99_reg_4061                                                                                       |  32|   0|   32|          0|
    |new_L_diag_recip_reg_416                                                                                |  33|   0|   33|          0|
    |or_ln326_2_reg_3938                                                                                     |   1|   0|    1|          0|
    |or_ln327_2_reg_3953                                                                                     |   1|   0|    1|          0|
    |ref_tmp_i_i_i_reg_4372                                                                                  |  34|   0|   34|          0|
    |return_code_1_reg_4469                                                                                  |  32|   0|   32|          0|
    |return_code_fu_248                                                                                      |  32|   0|   32|          0|
    |rhs_re_reg_3695                                                                                         |   2|   0|    4|          2|
    |sel_tmp3_reg_4430                                                                                       |   2|   0|    2|          0|
    |select_ln222_reg_4164                                                                                   |  17|   0|   17|          0|
    |select_ln223_2_reg_4239                                                                                 |  54|   0|   54|          0|
    |select_ln223_3_reg_4260                                                                                 |  11|   0|   11|          0|
    |select_ln223_4_reg_4321                                                                                 |  34|   0|   34|          0|
    |select_ln223_5_reg_4328                                                                                 |  34|   0|   34|          0|
    |select_ln313_1_reg_4483                                                                                 |  33|   0|   33|          0|
    |sext_ln447_reg_3715                                                                                     |   4|   0|    4|          0|
    |square_sum_re_1_reg_393                                                                                 |  32|   0|   32|          0|
    |sub_ln223_1_reg_4224                                                                                    |  54|   0|   54|          0|
    |sub_ln223_2_reg_4247                                                                                    |  12|   0|   12|          0|
    |sub_ln223_4_reg_4289                                                                                    |   6|   0|    6|          0|
    |sub_ln506_reg_3690                                                                                      |   3|   0|    3|          0|
    |this_im_2_reg_3705                                                                                      |   2|   0|    4|          2|
    |this_im_reg_3759                                                                                        |   3|   0|    4|          1|
    |this_re_2_reg_3700                                                                                      |   2|   0|    4|          2|
    |this_re_reg_3749                                                                                        |   3|   0|    4|          1|
    |tmp1_1_reg_4100                                                                                         |  16|   0|   16|          0|
    |tmp2_3_reg_4116                                                                                         |  16|   0|   16|          0|
    |tmp2_im_6_reg_4021                                                                                      |  16|   0|   16|          0|
    |tmp2_im_reg_3783                                                                                        |  16|   0|   31|         15|
    |tmp2_re_18_reg_3778                                                                                     |  16|   0|   31|         15|
    |tmp2_re_20_reg_4012                                                                                     |  16|   0|   16|          0|
    |tmp2_re_22_reg_4126                                                                                     |  32|   0|   32|          0|
    |tmp2_re_23_reg_4144                                                                                     |  17|   0|   17|          0|
    |tmp2_re_24_reg_4462                                                                                     |  16|   0|   16|          0|
    |tmp2_reg_4087                                                                                           |  16|   0|   16|          0|
    |tmp_13_reg_3670                                                                                         |   1|   0|    1|          0|
    |tmp_15_i_reg_3873                                                                                       |  16|   0|   16|          0|
    |tmp_16_i_reg_3878                                                                                       |  17|   0|   17|          0|
    |tmp_16_reg_4133                                                                                         |   1|   0|    1|          0|
    |tmp_20_reg_4151                                                                                         |   1|   0|    1|          0|
    |tmp_22_reg_4199                                                                                         |   1|   0|    1|          0|
    |tmp_23_reg_4279                                                                                         |   1|   0|    1|          0|
    |tmp_26_reg_4343                                                                                         |  11|   0|   11|          0|
    |tmp_27_reg_4389                                                                                         |   1|   0|    1|          0|
    |tmp_28_reg_4301                                                                                         |   1|   0|    1|          0|
    |tmp_2_reg_4209                                                                                          |  11|   0|   11|          0|
    |tmp_30_reg_4435                                                                                         |   1|   0|    1|          0|
    |tmp_32_reg_4443                                                                                         |   1|   0|    1|          0|
    |tmp_34_reg_4454                                                                                         |   1|   0|    1|          0|
    |tmp_35_reg_3764                                                                                         |   1|   0|    1|          0|
    |tmp_36_reg_3831                                                                                         |   1|   0|    1|          0|
    |tmp_42_reg_3862                                                                                         |   1|   0|    1|          0|
    |tmp_48_reg_3958                                                                                         |   1|   0|    1|          0|
    |tmp_50_reg_3966                                                                                         |   1|   0|    1|          0|
    |tmp_52_reg_3977                                                                                         |   1|   0|    1|          0|
    |tmp_53_reg_3985                                                                                         |   1|   0|    1|          0|
    |tmp_55_reg_3993                                                                                         |   1|   0|    1|          0|
    |tmp_57_reg_4004                                                                                         |   1|   0|    1|          0|
    |tmp_60_reg_4068                                                                                         |   1|   0|    1|          0|
    |tmp_62_reg_4081                                                                                         |   1|   0|    1|          0|
    |tmp_65_reg_4042                                                                                         |   1|   0|    1|          0|
    |tmp_67_reg_4055                                                                                         |   1|   0|    1|          0|
    |tmp_69_reg_4092                                                                                         |   1|   0|    1|          0|
    |tmp_7_i_reg_3842                                                                                        |  16|   0|   16|          0|
    |tmp_8_i_reg_3847                                                                                        |  17|   0|   17|          0|
    |tmp_im_reg_4029                                                                                         |  16|   0|   16|          0|
    |tmp_s_reg_4189                                                                                          |  32|   0|   32|          0|
    |trunc_ln100_reg_4050                                                                                    |  14|   0|   14|          0|
    |trunc_ln222_reg_4169                                                                                    |   5|   0|    5|          0|
    |trunc_ln223_1_reg_4214                                                                                  |  52|   0|   52|          0|
    |trunc_ln223_4_reg_4268                                                                                  |  34|   0|   34|          0|
    |trunc_ln223_reg_4194                                                                                    |  63|   0|   63|          0|
    |trunc_ln326_reg_3837                                                                                    |  15|   0|   15|          0|
    |trunc_ln327_reg_3868                                                                                    |  15|   0|   15|          0|
    |trunc_ln469_reg_3734                                                                                    |   1|   0|    1|          0|
    |trunc_ln59_reg_4139                                                                                     |  14|   0|   14|          0|
    |trunc_ln83_reg_3774                                                                                     |   2|   0|    2|          0|
    |trunc_ln99_reg_4076                                                                                     |  14|   0|   14|          0|
    |xor_ln223_11_reg_4396                                                                                   |   1|   0|    1|          0|
    |xor_ln99_4_reg_4111                                                                                     |   1|   0|    1|          0|
    |zext_ln223_1_reg_4219                                                                                   |  52|   0|   54|          2|
    |zext_ln223_reg_4234                                                                                     |  11|   0|   12|          1|
    |zext_ln506_reg_3685                                                                                     |   2|   0|    3|          1|
    |zext_ln_reg_3680                                                                                        |   2|   0|    2|          0|
    +--------------------------------------------------------------------------------------------------------+----+----+-----+-----------+
    |Total                                                                                                   |1974|   0| 2016|         42|
    +--------------------------------------------------------------------------------------------------------+----+----+-----+-----------+



================================================================
== Interface
================================================================
* Summary: 
+---------------+-----+-----+------------+--------------------------------------------------------------------+--------------+
|   RTL Ports   | Dir | Bits|  Protocol  |                            Source Object                           |    C Type    |
+---------------+-----+-----+------------+--------------------------------------------------------------------+--------------+
|ap_clk         |   in|    1|  ap_ctrl_hs|  choleskyAlt<false,3,choleskyTraits,x_complex,x_complex<ap_fixed >>|  return value|
|ap_rst         |   in|    1|  ap_ctrl_hs|  choleskyAlt<false,3,choleskyTraits,x_complex,x_complex<ap_fixed >>|  return value|
|ap_start       |   in|    1|  ap_ctrl_hs|  choleskyAlt<false,3,choleskyTraits,x_complex,x_complex<ap_fixed >>|  return value|
|ap_done        |  out|    1|  ap_ctrl_hs|  choleskyAlt<false,3,choleskyTraits,x_complex,x_complex<ap_fixed >>|  return value|
|ap_idle        |  out|    1|  ap_ctrl_hs|  choleskyAlt<false,3,choleskyTraits,x_complex,x_complex<ap_fixed >>|  return value|
|ap_ready       |  out|    1|  ap_ctrl_hs|  choleskyAlt<false,3,choleskyTraits,x_complex,x_complex<ap_fixed >>|  return value|
|ap_return      |  out|   32|  ap_ctrl_hs|  choleskyAlt<false,3,choleskyTraits,x_complex,x_complex<ap_fixed >>|  return value|
|A_re_address0  |  out|    4|   ap_memory|                                                                A_re|         array|
|A_re_ce0       |  out|    1|   ap_memory|                                                                A_re|         array|
|A_re_q0        |   in|   16|   ap_memory|                                                                A_re|         array|
|A_im_address0  |  out|    4|   ap_memory|                                                                A_im|         array|
|A_im_ce0       |  out|    1|   ap_memory|                                                                A_im|         array|
|A_im_q0        |   in|   16|   ap_memory|                                                                A_im|         array|
|L_re_address0  |  out|    4|   ap_memory|                                                                L_re|         array|
|L_re_ce0       |  out|    1|   ap_memory|                                                                L_re|         array|
|L_re_we0       |  out|    1|   ap_memory|                                                                L_re|         array|
|L_re_d0        |  out|   16|   ap_memory|                                                                L_re|         array|
|L_re_address1  |  out|    4|   ap_memory|                                                                L_re|         array|
|L_re_ce1       |  out|    1|   ap_memory|                                                                L_re|         array|
|L_re_we1       |  out|    1|   ap_memory|                                                                L_re|         array|
|L_re_d1        |  out|   16|   ap_memory|                                                                L_re|         array|
|L_im_address0  |  out|    4|   ap_memory|                                                                L_im|         array|
|L_im_ce0       |  out|    1|   ap_memory|                                                                L_im|         array|
|L_im_we0       |  out|    1|   ap_memory|                                                                L_im|         array|
|L_im_d0        |  out|   16|   ap_memory|                                                                L_im|         array|
|L_im_address1  |  out|    4|   ap_memory|                                                                L_im|         array|
|L_im_ce1       |  out|    1|   ap_memory|                                                                L_im|         array|
|L_im_we1       |  out|    1|   ap_memory|                                                                L_im|         array|
|L_im_d1        |  out|   16|   ap_memory|                                                                L_im|         array|
+---------------+-----+-----+------------+--------------------------------------------------------------------+--------------+

